version: ""
kind: ""
spec:
    proxy: localhost
    path: ""
    enabled: false
    pinned: false
    enable_selinux: false
status:
    active:
        version: ""
