version: v1
kind: update_config
spec:
    proxy: localhost
    path: /usr/local/bin
    group: group
    base_url: https://example.com
    enabled: false
    pinned: false
    enable_selinux: false
status:
    active:
        version: old-version
