version: v1
kind: update_config
spec:
    proxy: ""
    path: ""
    base_url: http://example.com
    enabled: false
    pinned: false
    enable_selinux: false
status:
    active:
        version: ""
